[chat.blockscan.com/start.html]
[backblue.gif]
[fade.gif]
[index.html]
[chat.blockscan.com/images/favicon5e1f.ico]
[chat.blockscan.com/assets/img/icons/apple-touch-icon.png]
[chat.blockscan.com/assets/vendor/bootstrap-icons/font/bootstrap-icons.css]
[chat.blockscan.com/assets/css/theme.mine2ae.css]
[chat.blockscan.com/manifest.json]
[chat.blockscan.com/connect-wallet.html]
[chat.blockscan.com/images/ethereum-icon.png]
[chat.blockscan.com/assets/img/avatars/address107129.png]
[chat.blockscan.com/assets/img/avatars/address97129.png]
[chat.blockscan.com/assets/img/avatars/address57129.png]
[chat.blockscan.com/assets/img/avatars/address17129.png]
[chat.blockscan.com/assets/img/avatars/address37129.png]
[chat.blockscan.com/assets/img/avatars/address27129.png]
[chat.blockscan.com/assets/vendor/emoji-picker-element/picker7129.js]
[chat.blockscan.com/assets/vendor/hs-count-characters/dist/js/hs-count-characters.js]
[chat.blockscan.com/assets/vendor/lodash/lodash.min.js]
[chat.blockscan.com/jss/jquery.mine2ae.js]
[chat.blockscan.com/faq.html]
[chat.blockscan.com/apis.html]
[chat.blockscan.com/assets/vendor/bootstrap/dist/js/bootstrap.bundle.min.js]
[chat.blockscan.com/serviceWorker.js]
[chat.blockscan.com/start.html]
[chat.blockscan.com/assets/vendor/bootstrap-icons/font/fonts/bootstrap-iconsf114.woff2]
[chat.blockscan.com/assets/vendor/bootstrap-icons/font/fonts/bootstrap-iconsf114.woff]
[chat.blockscan.com/assets/vendor/bootstrap-icons/font/bootstrap-icons.css]
[chat.blockscan.com/assets/css/theme.mine2ae.css]
[chat.blockscan.com/assets/svg/logos/blockscan-logo-dark7129.svg]
[chat.blockscan.com/jss/web3.min.js]
[chat.blockscan.com/images/Spinnersmall4.gif]
[chat.blockscan.com/jss/walletlink_bundle.js]
[chat.blockscan.com/jss/vendor/ethers-5.5.4.umd.min.js]
[chat.blockscan.com/jss/vendor/@walletconnect-web3-provider-1.8.0.min.js]
[chat.blockscan.com/jss/vendor/evm-chains-0.2.0.min.js]
[chat.blockscan.com/jss/walletconnect307f.js]
[chat.blockscan.com/connect-wallet.html]
[chat.blockscan.com/assets/svg/illustrations/fly-muted.svg]
[chat.blockscan.com/assets/svg/logos/blockscan-logo-symbol-dark7129.svg]
[chat.blockscan.com/jss/ethcrypto_bundle.js]
[chat.blockscan.com/faq.html]
[chat.blockscan.com/apis.html]
[chat.blockscan.com/index.html]
[chat.blockscan.com/assets/svg/metamask9029.svg]
[chat.blockscan.com/assets/svg/walletconnect9029.svg]
[chat.blockscan.com/assets/svg/coinbase9029.svg]
[chat.blockscan.com/assets/svg/walletconnecta959.svg]
[chat.blockscan.com/jss/vendor/web3modal-1.9.8.min.js]
[chat.blockscan.com/assets/svg/logos/blockscan-logo-dark8ed9.svg]
